name: sample
version: 0.1.0
environment:
  sdk: ^3.0.0
dependencies:
dev_dependencies:
  retry:
---
name: sample
version: 0.1.0
environment:
  sdk: ^3.0.0
dependencies:
dev_dependencies:
  {}
