A: true
B:
  bar: false # remove this comment
---
A: true
B:
  {}
