A: true
B:
  foo: true
  bar: true
---
A: true
B:
  bar: true
---
A: true
B:
  {}
