foo: true
bar: false # remove this comment
---
foo: true
