A: first
C: third
---
A: first
B: second
C: third
